// Jest Snapshot v1, https://goo.gl/fbAQLP

exports[`<ThumbImage /> should render properly 1`] = `<styled.div />`;
