// Jest Snapshot v1, https://goo.gl/fbAQLP

exports[`<Divider /> should render properly 1`] = `
<styled.div>
  <styled.strong>
    Child
  </styled.strong>
</styled.div>
`;
