// Jest Snapshot v1, https://goo.gl/fbAQLP

exports[`<HeroImage /> should render properly 1`] = `
<styled.div
  style={Object {}}
>
  <styled.div>
    <styled.div />
  </styled.div>
</styled.div>
`;
